type octile
height 43
width 77
map
TTTTTTTTTTTTTTTTTTTTTTTTTTTTTTTTTTTTTTTTTTTTTTTTTTTTTTTTTTTTTTTTTTTTTTTTTTTTT
TTTTTTTTTTTTTTTTTTTTTTTTTTTTTTTTTTTTTTTTTTTTTTTTTTTTTTTTTTTTTTTTTTTTTTTTTTTTT
T...................................TTTT....................................T
T...................................TTT.....................................T
T...................................TT......................................T
T...................................T.......................................T
T...........................................................................T
T...........................................................................T
T...................................T.......................................T
T...................................TT......................................T
T...................................TTT.....................................T
T...................................TTTT....................................T
T...................................TTTTT...................................T
T...................................TTTTTTTTTTTTTTTTTTTTTTTTTTTTTTTTTTTTTTTTT
T...........................................................................T
TTTTTTTTTTTTTTTT............................................................T
TTTTTTTTTTTTTTTTTT..........................................................T
T...............TTT.........................................................T
T................TTT........................................................T
T.................TTT.......................................................T
T..................TTT......................................................T
T...................TTTT.......TTTTTTTTTTTTTTTTTTTTTTTTTTTTTTTTTTTTTT.......T
T....................TTTT......TTTTTTTTTTTTTTTTTTTTTTTTTTTT........TT.......T
T.....................TTT......TTTTTTTTTTTTTTTTTTTTTTTTT...........TT.......T
T......................TT......TTT.................................TT.......T
T..............................TTT.................................TT.......T
T..............................TTT.................................TT.......T
T......................TT......TTT.................................TT.......T
T......................TT......TTT.................................TT.......T
T......................TT......TTT.................................TT.......T
T......................TT......TTT.................................TT.......T
T......................TT......TTT.................................TT.......T
T......................TT......TTT.................................TT.......T
T......................TT......TTT.................................TT.......T
T......................TT......TTT.................................TT.......T
T......................TT......TTT.................................TT.......T
T......................TT......TTT..........................................T
T......................TT......TTT..........................................T
T......................TT......TTT..........................................T
T......................TT......TTT.................................TT.......T
T......................TT......TTT.................................TT.......T
TTTTTTTTTTTTTTTTTTTTTTTTTTTTTTTTTTTTTTTTTTTTTTTTTTTTTTTTTTTTTTTTTTTTTTTTTTTTT
TTTTTTTTTTTTTTTTTTTTTTTTTTTTTTTTTTTTTTTTTTTTTTTTTTTTTTTTTTTTTTTTTTTTTTTTTTTTT


